
The MCP server responded with: [{"type":"text","text":"{\"stdout\":\"============================= test session starts =============================\\r\\nplatform win32 -- Python 3.11.9, pytest-9.1.1, pluggy-1.6.0 -- D:\\\\CodeFile\\\\cmd-exec-mcp\\\\.venv\\\\Scripts\\\\python.exe\\r\\ncachedir: .pytest_cache\\r\\nrootdir: D:\\\\CodeFile\\\\cmd-exec-mcp\\r\\nconfigfile: pyproject.toml\\r\\nplugins: anyio-4.14.2, asyncio-1.4.0\\r\\nasyncio: mode=Mode.AUTO, debug=False, asyncio_default_fixture_loop_scope=None, asyncio_default_test_loop_scope=function\\r\\ncollecting ... collected 108 items\\r\\n\\r\\ntests/test_config.py::test_security_mode_is_valid_string PASSED          [  0%]\\r\\ntests/test_config.py::test_whitelist_is_list PASSED                      [  1%]\\r\\ntests/test_config.py::test_blacklist_is_list PASSED                      [  2%]\\r\\ntests/test_config.py::test_default_timeout_is_int PASSED                 [  3%]\\r\\ntests/test_config.py::test_force_shell_is_none_or_string PASSED          [  4%]\\r\\ntests/test_config.py::test_result_fields_has_required_keys PASSED        [  5%]\\r\\ntests/test_config.py::test_command_list_mode_is_valid PASSED             [  6%]\\r\\ntests/test_config.py::test_ssh_config_mode_is_valid PASSED               [  7%]\\r\\ntests/test_config.py::test_ssh_persistent_is_bool PASSED                 [  8%]\\r\\ntests/test_config.py::test_ssh_connection_timeout_is_positive PASSED     [  9%]\\r\\ntests/test_executor.py::test_local_executor_basic_command PASSED         [ 10%]\\r\\ntests/test_executor.py::test_local_executor_failing_command PASSED       [ 11%]\\r\\ntests/test_executor.py::test_local_executor_timeout PASSED               [ 12%]\\r\\ntests/test_executor.py::test_local_executor_batch PASSED                 [ 12%]\\r\\ntests/test_executor.py::test_local_executor_returns_duration PASSED      [ 13%]\\r\\ntests/test_models.py::test_exec_result_defaults PASSED                   [ 14%]\\r\\ntests/test_models.py::test_exec_result_with_values PASSED                [ 15%]\\r\\ntests/test_models.py::test_to_dict_all_fields PASSED                     [ 16%]\\r\\ntests/test_models.py::test_to_dict_filtered_fields PASSED                [ 17%]\\r\\ntests/test_models.py::test_to_dict_timeout_result PASSED                 [ 18%]\\r\\ntests/test_opensandbox_executor.py::TestOpenSandboxExecutor::test_execute_returns_exec_result PASSED [ 19%]\\r\\ntests/test_opensandbox_executor.py::TestOpenSandboxExecutor::test_execute_handles_timeout PASSED [ 20%]\\r\\ntests/test_opensandbox_executor.py::TestOpenSandboxExecutor::test_execute_batch_runs_parallel PASSED [ 21%]\\r\\ntests/test_opensandbox_executor.py::TestOpenSandboxExecutor::test_destroy_called_on_exception PASSED [ 22%]\\r\\ntests/test_opensandbox_executor.py::TestOpenSandboxSessionMethods::test_create_session_returns_sandbox_and_session_id PASSED [ 23%]\\r\\ntests/test_opensandbox_executor.py::TestOpenSandboxSessionMethods::test_create_session_destroys_on_failure PASSED [ 24%]\\r\\ntests/test_opensandbox_executor.py::TestOpenSandboxSessionMethods::test_run_in_session_returns_exec_result PASSED [ 25%]\\r\\ntests/test_opensandbox_executor.py::TestOpenSandboxSessionMethods::test_run_in_session_with_timeout PASSED [ 25%]\\r\\ntests/test_opensandbox_executor.py::TestOpenSandboxSessionMethods::test_delete_session_calls_destroy PASSED [ 26%]\\r\\ntests/test_opensandbox_file.py::TestExecuteSandboxFile::test_wrong_backend_returns_error PASSED [ 27%]\\r\\ntests/test_opensandbox_file.py::TestExecuteSandboxFile::test_relative_path_returns_error PASSED [ 28%]\\r\\ntests/test_opensandbox_file.py::TestExecuteSandboxFile::test_read_file_with_temp_sandbox PASSED [ 29%]\\r\\ntests/test_opensandbox_file.py::TestExecuteSandboxFile::test_write_file_with_temp_sandbox PASSED [ 30%]\\r\\ntests/test_opensandbox_file.py::TestExecuteSandboxFile::test_list_directory PASSED [ 31%]\\r\\ntests/test_opensandbox_file.py::TestExecuteSandboxFile::test_delete_file PASSED [ 32%]\\r\\ntests/test_opensandbox_file.py::TestExecuteSandboxFile::test_exists_returns_true PASSED [ 33%]\\r\\ntests/test_opensandbox_file.py::TestExecuteSandboxFile::test_exists_returns_false PASSED [ 34%]\\r\\ntests/test_opensandbox_file.py::TestExecuteSandboxFile::test_file_operation_with_session_id PASSED [ 35%]\\r\\ntests/test_opensandbox_file.py::TestExecuteSandboxFile::test_session_not_found PASSED [ 36%]\\r\\ntests/test_opensandbox_file.py::TestExecuteSandboxFile::test_unknown_action PASSED [ 37%]\\r\\ntests/test_opensandbox_session.py::TestOpenSandboxSessionManagement::test_initial_state PASSED [ 37%]\\r\\ntests/test_opensandbox_session.py::TestOpenSandboxSessionManagement::test_create_session_returns_session_id PASSED [ 38%]\\r\\ntests/test_opensandbox_session.py::TestOpenSandboxSessionManagement::test_create_session_executes_initial_command PASSED [ 39%]\\r\\ntests/test_opensandbox_session.py::TestOpenSandboxSessionManagement::test_create_session_empty_command_no_last_result PASSED [ 40%]\\r\\ntests/test_opensandbox_session.py::TestOpenSandboxSessionManagement::test_dispatch_send_returns_result PASSED [ 41%]\\r\\ntests/test_opensandbox_session.py::TestOpenSandboxSessionManagement::test_dispatch_read_returns_last_result PASSED [ 42%]\\r\\ntests/test_opensandbox_session.py::TestOpenSandboxSessionManagement::test_dispatch_read_empty_session PASSED [ 43%]\\r\\ntests/test_opensandbox_session.py::TestOpenSandboxSessionManagement::test_dispatch_kill_removes_session PASSED [ 44%]\\r\\ntests/test_opensandbox_session.py::TestOpenSandboxSessionManagement::test_dispatch_session_not_found PASSED [ 45%]\\r\\ntests/test_opensandbox_session.py::TestOpenSandboxSessionManagement::test_dispatch_send_sandbox_error PASSED [ 46%]\\r\\ntests/test_opensandbox_session.py::TestOpenSandboxSessionManagement::test_watchdog_cleans_up_session PASSED [ 47%]\\r\\ntests/test_opensandbox_session.py::TestOpenSandboxSessionManagement::test_reset_watchdog_extends_lifetime PASSED [ 48%]\\r\\ntests/test_opensandbox_session.py::TestOpenSandboxSessionManagement::test_cleanup_all_clears_all_sessions PASSED [ 49%]\\r\\ntests/test_opensandbox_session.py::TestOpenSandboxSessionManagement::test_concurrent_session_access PASSED [ 50%]\\r\\ntests/test_process_tree_kill.py::TestKillProcessTreeLinux::test_linux_calls_killpg SKIPPED [ 50%]\\r\\ntests/test_process_tree_kill.py::TestKillProcessTreeLinux::test_linux_killpg_process_lookup_error_is_silent SKIPPED [ 51%]\\r\\ntests/test_process_tree_kill.py::TestKillProcessTreeLinux::test_linux_killpg_os_error_is_silent SKIPPED [ 52%]\\r\\ntests/test_process_tree_kill.py::TestKillProcessTreeWindows::test_windows_calls_taskkill PASSED [ 53%]\\r\\ntests/test_process_tree_kill.py::TestKillProcessTreeSandbox::test_sandbox_linux_calls_killpg SKIPPED [ 54%]\\r\\ntests/test_remote_executor.py::TestRemoteExecutorConnection::test_standard_mode_reads_ssh_config PASSED [ 55%]\\r\\ntests/test_remote_executor.py::TestRemoteExecutorConnection::test_custom_mode_reads_dotenv PASSED [ 56%]\\r\\ntests/test_remote_executor.py::TestRemoteExecutorConnection::test_missing_host_raises PASSED [ 57%]\\r\\ntests/test_remote_executor.py::TestRemoteExecutorExecute::test_execute_command PASSED [ 58%]\\r\\ntests/test_remote_executor.py::TestRemoteExecutorExecute::test_execute_timeout PASSED [ 59%]\\r\\ntests/test_remote_executor.py::TestRemoteExecutorExecute::test_execute_nonzero_exit PASSED [ 60%]\\r\\ntests/test_remote_executor.py::TestRemoteExecutorExecute::test_persistent_mode_reuses_connection PASSED [ 61%]\\r\\ntests/test_remote_executor.py::TestRemoteExecutorExecute::test_execute_batch PASSED [ 62%]\\r\\ntests/test_remote_executor.py::TestRemoteExecutorExecuteBatch::test_batch_parallel PASSED [ 62%]\\r\\ntests/test_sandbox_executor.py::TestBuildDockerCmd::test_basic_command PASSED [ 63%]\\r\\ntests/test_sandbox_executor.py::TestBuildDockerCmd::test_custom_image PASSED [ 64%]\\r\\ntests/test_sandbox_executor.py::TestBuildDockerCmd::test_with_mount PASSED [ 65%]\\r\\ntests/test_sandbox_executor.py::TestBuildDockerCmd::test_with_cwd PASSED [ 66%]\\r\\ntests/test_sandbox_executor.py::TestBuildDockerCmd::test_with_mount_and_cwd PASSED [ 67%]\\r\\ntests/test_sandbox_security.py::TestValidateSandboxCommand::test_full_mode_allows_any_command PASSED [ 68%]\\r\\ntests/test_sandbox_security.py::TestValidateSandboxCommand::test_blacklisted_command_raises PASSED [ 69%]\\r\\ntests/test_sandbox_security.py::TestValidateSandboxCommand::test_whitelist_only_allows_listed PASSED [ 70%]\\r\\ntests/test_sandbox_security.py::TestValidateSandboxCommand::test_blacklist_takes_priority PASSED [ 71%]\\r\\ntests/test_security.py::TestValidateCommand::test_whitelisted_command_passes PASSED [ 72%]\\r\\ntests/test_security.py::TestValidateCommand::test_blacklisted_command_raises PASSED [ 73%]\\r\\ntests/test_security.py::TestValidateCommand::test_not_whitelisted_command_raises PASSED [ 74%]\\r\\ntests/test_security.py::TestValidateCommand::test_full_mode_allows_any_command PASSED [ 75%]\\r\\ntests/test_security.py::TestValidateCommand::test_blacklist_takes_priority PASSED [ 75%]\\r\\ntests/test_security.py::TestValidateCommand::test_command_with_extra_spaces PASSED [ 76%]\\r\\ntests/test_security.py::TestDetectShell::test_force_shell_takes_priority PASSED [ 77%]\\r\\ntests/test_security.py::TestDetectShell::test_auto_detect_returns_string PASSED [ 78%]\\r\\ntests/test_security.py::TestDetectShell::test_wsl_shell_wrapping PASSED  [ 79%]\\r\\ntests/test_security.py::TestSingleton::test_ensure_single_instance_does_not_exit_on_first_run PASSED [ 80%]\\r\\ntests/test_security.py::TestSingleton::test_ensure_single_instance_exits_on_second_run PASSED [ 81%]\\r\\ntests/test_security.py::TestSandboxBackendRouting::test_docker_backend_calls_sandbox_executor PASSED [ 82%]\\r\\ntests/test_security.py::TestSandboxBackendRouting::test_opensandbox_backend_calls_opensandbox_executor PASSED [ 83%]\\r\\ntests/test_session_cleanup.py::test_cleanup_calls_kill_process_tree_on_linux SKIPPED [ 84%]\\r\\ntests/test_session_cleanup.py::test_cleanup_handles_none_pid SKIPPED     [ 85%]\\r\\ntests/test_session_cleanup.py::test_cleanup_process_lookup_error_silent SKIPPED [ 86%]\\r\\ntests/test_session_cleanup.py::test_cleanup_already_exited_process SKIPPED [ 87%]\\r\\ntests/test_session_local.py::test_create_session_returns_proc PASSED     [ 87%]\\r\\ntests/test_session_local.py::test_create_session_ignores_alive_timeout PASSED [ 88%]\\r\\ntests/test_session_manager.py::test_create_session_returns_session_id PASSED [ 89%]\\r\\ntests/test_session_manager.py::test_send_and_read PASSED                 [ 90%]\\r\\ntests/test_session_manager.py::test_kill_session PASSED                  [ 91%]\\r\\ntests/test_session_manager.py::test_read_nonexistent_session PASSED      [ 92%]\\r\\ntests/test_session_manager.py::test_send_nonexistent_session PASSED      [ 93%]\\r\\ntests/test_session_manager.py::test_kill_nonexistent_session PASSED      [ 94%]\\r\\ntests/test_session_manager.py::test_watchdog_timeout PASSED              [ 95%]\\r\\ntests/test_session_manager.py::test_watchdog_reset_on_read PASSED        [ 96%]\\r\\ntests/test_session_manager.py::test_create_session_with_infinite_timeout PASSED [ 97%]\\r\\ntests/test_session_manager.py::test_cleanup_kills_all_sessions PASSED    [ 98%]\\r\\ntests/test_session_remote.py::test_create_session_returns_proc PASSED    [ 99%]\\r\\ntests/test_session_sandbox.py::test_create_session_returns_proc PASSED   [100%]\\r\\n\\r\\n======================= 100 passed, 8 skipped in 12.26s =======================\\r\\n\",\"stderr\":\"\",\"exit_code\":0,\"duration\":13.198,\"is_timeout\":false,\"command_echo\":\"uv run pytest tests/ -v 2>&1\",\"output_file\":\"\"}"}]
